MemTotal:       65584832 kB
MemFree:        64200144 kB
MemFree:        64199956 kB
MemFree:        64200492 kB
MemFree:        64200744 kB
MemFree:        64080548 kB
MemFree:        62641320 kB
MemFree:        61180876 kB
MemFree:        59552692 kB
MemFree:        51565272 kB
MemFree:        46983208 kB
MemFree:        42879936 kB
MemFree:        38693112 kB
MemFree:        34365684 kB
MemFree:        29768960 kB
MemFree:        25530188 kB
MemFree:        25470448 kB
MemFree:        25463304 kB
MemFree:        25466216 kB
MemFree:        25467892 kB
MemFree:        25468156 kB
MemFree:        25470124 kB
MemFree:        25472452 kB
MemFree:        25472696 kB
MemFree:        25475028 kB
MemFree:        25474828 kB
MemFree:        25475324 kB
MemFree:        25475604 kB
MemFree:        25476516 kB
MemFree:        25476320 kB
MemFree:        25476484 kB
MemFree:        25477084 kB
MemFree:        25477236 kB
MemFree:        25478044 kB
MemFree:        25479156 kB
MemFree:        25478604 kB
MemFree:        25478516 kB
MemFree:        25479828 kB
MemFree:        25480148 kB
MemFree:        25480312 kB
MemFree:        25480056 kB
MemFree:        25480284 kB
MemFree:        25481480 kB
MemFree:        25481644 kB
MemFree:        25480760 kB
MemFree:        25481356 kB
MemFree:        25481932 kB
MemFree:        25481364 kB
MemFree:        25481404 kB
MemFree:        25481672 kB
MemFree:        25481448 kB
MemFree:        25482336 kB
MemFree:        25482872 kB
MemFree:        25482208 kB
MemFree:        25482452 kB
MemFree:        25482968 kB
MemFree:        25483656 kB
MemFree:        25484072 kB
MemFree:        25484216 kB
MemFree:        25484200 kB
MemFree:        25484636 kB
MemFree:        25485316 kB
MemFree:        25486592 kB
MemFree:        25485896 kB
MemFree:        25487484 kB
MemFree:        25487088 kB
MemFree:        25487804 kB
MemFree:        25487612 kB
MemFree:        25487300 kB
MemFree:        25488536 kB
MemFree:        25488124 kB
MemFree:        25487984 kB
MemFree:        25488476 kB
MemFree:        25488496 kB
MemFree:        25488876 kB
MemFree:        25489432 kB
MemFree:        25489248 kB
MemFree:        25493588 kB
MemFree:        28523736 kB
MemFree:        29727112 kB
MemFree:        29727544 kB
MemFree:        29727052 kB
MemFree:        29727864 kB
MemFree:        29728124 kB
MemFree:        29729180 kB
